// Jest Snapshot v1, https://goo.gl/fbAQLP

exports[`Item Component 1`] = `
<li>
  Apple
  (
  3
  )
</li>
`;
